[INFO] Scanning for projects...
[INFO]
[INFO] ---------------------< org.example:graal-ansible >----------------------
[INFO] Building graal-ansible 1.0-SNAPSHOT
[INFO]   from pom.xml
[INFO] --------------------------------[ jar ]---------------------------------
[INFO]
[INFO] --- exec:3.1.0:exec (setup-python-env) @ graal-ansible ---
Installing Python dependencies to /app/target/python-packages...
Using python3 for installation.

[notice] A new release of pip is available: 25.3 -> 26.0.1
[notice] To update, run: pip install --upgrade pip
Python dependencies installed successfully.
[INFO]
[INFO] --- resources:3.3.1:resources (default-resources) @ graal-ansible ---
[INFO] Copying 3 resources from src/main/resources to target/classes
[INFO]
[INFO] --- compiler:3.11.0:compile (default-compile) @ graal-ansible ---
[INFO] Changes detected - recompiling the module! :source
[INFO] Compiling 36 source files with javac [debug release 21] to target/classes
[INFO] /app/src/main/java/org/example/ansible/engine/PlaybookExecutor.java: Some input files use unchecked or unsafe operations.
[INFO] /app/src/main/java/org/example/ansible/engine/PlaybookExecutor.java: Recompile with -Xlint:unchecked for details.
[INFO]
[INFO] --- resources:3.3.1:testResources (default-testResources) @ graal-ansible ---
[INFO] skip non existing resourceDirectory /app/src/test/resources
[INFO]
[INFO] --- compiler:3.11.0:testCompile (default-testCompile) @ graal-ansible ---
[INFO] Changes detected - recompiling the module! :dependency
[INFO] Compiling 22 source files with javac [debug release 21] to target/test-classes
[INFO] /app/src/test/java/org/example/ansible/engine/TaskControlTest.java: Some input files use unchecked or unsafe operations.
[INFO] /app/src/test/java/org/example/ansible/engine/TaskControlTest.java: Recompile with -Xlint:unchecked for details.
[INFO]
[INFO] --- surefire:3.1.2:test (default-test) @ graal-ansible ---
[INFO] Using auto detected provider org.apache.maven.surefire.junitplatform.JUnitPlatformProvider
[INFO]
[INFO] -------------------------------------------------------
[INFO]  T E S T S
[INFO] -------------------------------------------------------
[INFO] Running org.example.ansible.module.python.AllBuiltinModulesVerificationTest
[To redirect Truffle log output to a file use one of the following options:
* '--log.file=<path>' if the option is passed using a guest language launcher.
* '-Dpolyglot.log.file=<path>' if the option is passed using the host Java launcher.
* Configure logging using the polyglot embedding API.]
[engine] WARNING: The polyglot engine uses a fallback runtime that does not support runtime compilation to native code.
Execution without runtime compilation will negatively impact the guest application performance.
The following cause was found: JVMCI is not enabled for this JVM. Enable JVMCI using -XX:+EnableJVMCI.
For more information see: https://www.graalvm.org/latest/reference-manual/embed-languages/#runtime-optimization-support.
To disable this warning use the '--engine.WarnInterpreterOnly=false' option or the '-Dpolyglot.engine.WarnInterpreterOnly=false' system property.
Verifying 72 modules in ansible.builtin...
[ERROR] ModuleNotFoundError: No module named 'dnf'
[ERROR] ModuleNotFoundError: No module named 'libdnf5'
Unknown device "/dev/devtmpfs": No such device
Unknown device "/dev/overlayfs:/overlay/root": No such device
Unknown device "/dev/proc": No such device
Unknown device "/dev/sysfs": No such device
Unknown device "/dev/devtmpfs": No such device
Unknown device "/dev/tmpfs": No such device
Unknown device "/dev/devpts": No such device
Unknown device "/dev/tmpfs": No such device
Unknown device "/dev/tmpfs": No such device
Unknown device "/dev/cgroup2": No such device
Unknown device "/dev/bpf": No such device
Unknown device "/dev/tmpfs": No such device
Unknown device "/dev/systemd-1": No such device
Unknown device "/dev/mqueue": No such device
Unknown device "/dev/hugetlbfs": No such device
Unknown device "/dev/tmpfs": No such device
Unknown device "/dev/fusectl": No such device
Unknown device "/dev/binfmt_misc": No such device
Unknown device "/dev/tmpfs": No such device
[ERROR] ModuleNotFoundError: No module named 'libdnf5'
[ERROR] ModuleNotFoundError: No module named 'rpm'
ValueError("invalid literal for int() with base 10: '%s'")
ValueError("invalid literal for int() with base 10: ''")
IndexError('list index out of range')

Verification Summary:
---------------------
Total modules: 72
Success (executed): 8
Success (loaded, but missing args): 30
Failed (Import error): 0
Failed (Other error): 34

Other Errors:
 - add_host: Module produced no output
 - apt: Execution error: module '__main__' has no attribute '_module_fqn'
 - apt_key: Invalid key_id
 - assert: Module produced no output
 - async_wrapper: Execution error: No module named 'syslog'
 - command: one of the following is required: _raw_params, cmd, argv
 - debug: Module produced no output
[ERROR] ModuleNotFoundError: No module named 'dnf'
 - dnf: Could not import the dnf python module using  (3.12.8 (Tue Jan 20 12:14:46 UTC 2026)[Graal, Interpreted, Java 21.0.9 (amd64)]). Please install `python3-dnf` package or ensure you have specified the correct ansible_python_interpreter. (attempted ['/usr/libexec/platform-python', '/usr/bin/python3', '/usr/bin/python'])
[ERROR] ModuleNotFoundError: No module named 'libdnf5'
[ERROR] ModuleNotFoundError: No module named 'libdnf5'
 - dnf5: Could not import the libdnf5 python module using  (3.12.8 (Tue Jan 20 12:14:46 UTC 2026)[Graal, Interpreted, Java 21.0.9 (amd64)]). Ensure python3-libdnf5 package is installed (either manually or via the auto_install_module_deps option) or that you have specified the correct ansible_python_interpreter. (attempted ['/usr/libexec/platform-python', '/usr/bin/python3', '/usr/bin/python']).
 - fail: Module produced no output
 - fetch: Module produced no output
 - gather_facts: Module produced no output
 - group_by: Module produced no output
 - import_playbook: Module produced no output
 - import_role: Module produced no output
 - import_tasks: Module produced no output
 - include_role: Module produced no output
 - include_tasks: Module produced no output
 - include_vars: Module produced no output
 - iptables: flush is False but all of the following are missing: chain
 - meta: Module produced no output
 - package: Module produced no output
[ERROR] ModuleNotFoundError: No module named 'rpm'
 - package_facts: Could not detect a supported package manager from the following list: ['apk', 'apt', 'pacman', 'pkg', 'pkg_info', 'portage', 'rpm', 'dnf', 'dnf5', 'yum', 'zypper', 'pkg5', 'pkgng', 'openbsd_pkg'], or the required Python library is not installed. Check warnings for details.
 - pause: Module produced no output
 - pip: one of the following is required: name, requirements
 - raw: Module produced no output
 - reboot: Module produced no output
 - script: Module produced no output
 - set_fact: Module produced no output
 - set_stats: Module produced no output
 - shell: Module produced no output
 - template: Module produced no output
 - validate_argument_spec: Module produced no output
 - wait_for_connection: Module produced no output
[INFO] Tests run: 1, Failures: 0, Errors: 0, Skipped: 0, Time elapsed: 1673 s -- in org.example.ansible.module.python.AllBuiltinModulesVerificationTest
[INFO]
[INFO] Results:
[INFO]
[INFO] Tests run: 1, Failures: 0, Errors: 0, Skipped: 0
[INFO]
[WARNING] Corrupted channel by directly writing to native stream in forked JVM 1. See FAQ web page and the dump file /app/target/surefire-reports/2026-03-08T11-56-55_167-jvmRun1.dumpstream
[INFO] ------------------------------------------------------------------------
[INFO] BUILD SUCCESS
[INFO] ------------------------------------------------------------------------
[INFO] Total time:  28:04 min
[INFO] Finished at: 2026-03-08T12:24:49Z
[INFO] ------------------------------------------------------------------------
