[INFO] Scanning for projects...
[INFO]
[INFO] ---------------------< org.example:graal-ansible >----------------------
[INFO] Building graal-ansible 1.0-SNAPSHOT
[INFO]   from pom.xml
[INFO] --------------------------------[ jar ]---------------------------------
[INFO]
[INFO] --- exec:3.1.0:exec (setup-python-env) @ graal-ansible ---
Installing Python dependencies to /app/target/python-packages...
Using python3 for installation.
Python dependencies installed successfully.
[INFO]
[INFO] --- resources:3.3.1:resources (default-resources) @ graal-ansible ---
[INFO] Copying 3 resources from src/main/resources to target/classes
[INFO] Copying 4 resources from src/main/python to target/classes
[INFO]
[INFO] --- compiler:3.11.0:compile (default-compile) @ graal-ansible ---
[INFO] Nothing to compile - all classes are up to date
[INFO]
[INFO] --- resources:3.3.1:testResources (default-testResources) @ graal-ansible ---
[INFO] skip non existing resourceDirectory /app/src/test/resources
[INFO]
[INFO] --- compiler:3.11.0:testCompile (default-testCompile) @ graal-ansible ---
[INFO] Nothing to compile - all classes are up to date
[INFO]
[INFO] --- surefire:3.1.2:test (default-test) @ graal-ansible ---
[INFO] Using auto detected provider org.apache.maven.surefire.junitplatform.JUnitPlatformProvider
[INFO]
[INFO] -------------------------------------------------------
[INFO]  T E S T S
[INFO] -------------------------------------------------------
[INFO] Running org.example.ansible.engine.ActionPluginTest
[To redirect Truffle log output to a file use one of the following options:
* '--log.file=<path>' if the option is passed using a guest language launcher.
* '-Dpolyglot.log.file=<path>' if the option is passed using the host Java launcher.
* Configure logging using the polyglot embedding API.]
[engine] WARNING: The polyglot engine uses a fallback runtime that does not support runtime compilation to native code.
Execution without runtime compilation will negatively impact the guest application performance.
The following cause was found: JVMCI is not enabled for this JVM. Enable JVMCI using -XX:+EnableJVMCI.
For more information see: https://www.graalvm.org/latest/reference-manual/embed-languages/#runtime-optimization-support.
To disable this warning use the '--engine.WarnInterpreterOnly=false' option or the '-Dpolyglot.engine.WarnInterpreterOnly=false' system property.
[To redirect Truffle log output to a file use one of the following options:
* '--log.file=<path>' if the option is passed using a guest language launcher.
* '-Dpolyglot.log.file=<path>' if the option is passed using the host Java launcher.
* Configure logging using the polyglot embedding API.]
[engine] WARNING: The polyglot engine uses a fallback runtime that does not support runtime compilation to native code.
Execution without runtime compilation will negatively impact the guest application performance.
The following cause was found: JVMCI is not enabled for this JVM. Enable JVMCI using -XX:+EnableJVMCI.
For more information see: https://www.graalvm.org/latest/reference-manual/embed-languages/#runtime-optimization-support.
To disable this warning use the '--engine.WarnInterpreterOnly=false' option or the '-Dpolyglot.engine.WarnInterpreterOnly=false' system property.
[To redirect Truffle log output to a file use one of the following options:
* '--log.file=<path>' if the option is passed using a guest language launcher.
* '-Dpolyglot.log.file=<path>' if the option is passed using the host Java launcher.
* Configure logging using the polyglot embedding API.]
[engine] WARNING: The polyglot engine uses a fallback runtime that does not support runtime compilation to native code.
Execution without runtime compilation will negatively impact the guest application performance.
The following cause was found: JVMCI is not enabled for this JVM. Enable JVMCI using -XX:+EnableJVMCI.
For more information see: https://www.graalvm.org/latest/reference-manual/embed-languages/#runtime-optimization-support.
To disable this warning use the '--engine.WarnInterpreterOnly=false' option or the '-Dpolyglot.engine.WarnInterpreterOnly=false' system property.
[ERROR] Tests run: 3, Failures: 2, Errors: 0, Skipped: 0, Time elapsed: 37.86 s <<< FAILURE! -- in org.example.ansible.engine.ActionPluginTest
[ERROR] org.example.ansible.engine.ActionPluginTest.testDebugActionPluginMsg -- Time elapsed: 2.628 s <<< FAILURE!
org.opentest4j.AssertionFailedError: Action Plugin execution failed: com.oracle.truffle.api.CompilerDirectives$ShouldNotReachHere ==> expected: <true> but was: <false>
	at org.junit.jupiter.api.AssertionFailureBuilder.build(AssertionFailureBuilder.java:151)
	at org.junit.jupiter.api.AssertionFailureBuilder.buildAndThrow(AssertionFailureBuilder.java:132)
	at org.junit.jupiter.api.AssertTrue.failNotTrue(AssertTrue.java:63)
	at org.junit.jupiter.api.AssertTrue.assertTrue(AssertTrue.java:36)
	at org.junit.jupiter.api.Assertions.assertTrue(Assertions.java:214)
	at org.example.ansible.engine.ActionPluginTest.testDebugActionPluginMsg(ActionPluginTest.java:44)
	at java.base/java.lang.reflect.Method.invoke(Method.java:580)
	at java.base/java.util.ArrayList.forEach(ArrayList.java:1596)
	at java.base/java.util.ArrayList.forEach(ArrayList.java:1596)

[ERROR] org.example.ansible.engine.ActionPluginTest.testDebugActionPluginVar -- Time elapsed: 2.378 s <<< FAILURE!
org.opentest4j.AssertionFailedError: Action Plugin execution failed: com.oracle.truffle.api.CompilerDirectives$ShouldNotReachHere ==> expected: <true> but was: <false>
	at org.junit.jupiter.api.AssertionFailureBuilder.build(AssertionFailureBuilder.java:151)
	at org.junit.jupiter.api.AssertionFailureBuilder.buildAndThrow(AssertionFailureBuilder.java:132)
	at org.junit.jupiter.api.AssertTrue.failNotTrue(AssertTrue.java:63)
	at org.junit.jupiter.api.AssertTrue.assertTrue(AssertTrue.java:36)
	at org.junit.jupiter.api.Assertions.assertTrue(Assertions.java:214)
	at org.example.ansible.engine.ActionPluginTest.testDebugActionPluginVar(ActionPluginTest.java:53)
	at java.base/java.lang.reflect.Method.invoke(Method.java:580)
	at java.base/java.util.ArrayList.forEach(ArrayList.java:1596)
	at java.base/java.util.ArrayList.forEach(ArrayList.java:1596)

[INFO] Running org.example.ansible.engine.CommandShellIntegrationTest
[To redirect Truffle log output to a file use one of the following options:
* '--log.file=<path>' if the option is passed using a guest language launcher.
* '-Dpolyglot.log.file=<path>' if the option is passed using the host Java launcher.
* Configure logging using the polyglot embedding API.]
[engine] WARNING: The polyglot engine uses a fallback runtime that does not support runtime compilation to native code.
Execution without runtime compilation will negatively impact the guest application performance.
The following cause was found: JVMCI is not enabled for this JVM. Enable JVMCI using -XX:+EnableJVMCI.
For more information see: https://www.graalvm.org/latest/reference-manual/embed-languages/#runtime-optimization-support.
To disable this warning use the '--engine.WarnInterpreterOnly=false' option or the '-Dpolyglot.engine.WarnInterpreterOnly=false' system property.
[To redirect Truffle log output to a file use one of the following options:
* '--log.file=<path>' if the option is passed using a guest language launcher.
* '-Dpolyglot.log.file=<path>' if the option is passed using the host Java launcher.
* Configure logging using the polyglot embedding API.]
[engine] WARNING: The polyglot engine uses a fallback runtime that does not support runtime compilation to native code.
Execution without runtime compilation will negatively impact the guest application performance.
The following cause was found: JVMCI is not enabled for this JVM. Enable JVMCI using -XX:+EnableJVMCI.
For more information see: https://www.graalvm.org/latest/reference-manual/embed-languages/#runtime-optimization-support.
To disable this warning use the '--engine.WarnInterpreterOnly=false' option or the '-Dpolyglot.engine.WarnInterpreterOnly=false' system property.
[To redirect Truffle log output to a file use one of the following options:
* '--log.file=<path>' if the option is passed using a guest language launcher.
* '-Dpolyglot.log.file=<path>' if the option is passed using the host Java launcher.
* Configure logging using the polyglot embedding API.]
[engine] WARNING: The polyglot engine uses a fallback runtime that does not support runtime compilation to native code.
Execution without runtime compilation will negatively impact the guest application performance.
The following cause was found: JVMCI is not enabled for this JVM. Enable JVMCI using -XX:+EnableJVMCI.
For more information see: https://www.graalvm.org/latest/reference-manual/embed-languages/#runtime-optimization-support.
To disable this warning use the '--engine.WarnInterpreterOnly=false' option or the '-Dpolyglot.engine.WarnInterpreterOnly=false' system property.
[To redirect Truffle log output to a file use one of the following options:
* '--log.file=<path>' if the option is passed using a guest language launcher.
* '-Dpolyglot.log.file=<path>' if the option is passed using the host Java launcher.
* Configure logging using the polyglot embedding API.]
[engine] WARNING: The polyglot engine uses a fallback runtime that does not support runtime compilation to native code.
Execution without runtime compilation will negatively impact the guest application performance.
The following cause was found: JVMCI is not enabled for this JVM. Enable JVMCI using -XX:+EnableJVMCI.
For more information see: https://www.graalvm.org/latest/reference-manual/embed-languages/#runtime-optimization-support.
To disable this warning use the '--engine.WarnInterpreterOnly=false' option or the '-Dpolyglot.engine.WarnInterpreterOnly=false' system property.
[To redirect Truffle log output to a file use one of the following options:
* '--log.file=<path>' if the option is passed using a guest language launcher.
* '-Dpolyglot.log.file=<path>' if the option is passed using the host Java launcher.
* Configure logging using the polyglot embedding API.]
[engine] WARNING: The polyglot engine uses a fallback runtime that does not support runtime compilation to native code.
Execution without runtime compilation will negatively impact the guest application performance.
The following cause was found: JVMCI is not enabled for this JVM. Enable JVMCI using -XX:+EnableJVMCI.
For more information see: https://www.graalvm.org/latest/reference-manual/embed-languages/#runtime-optimization-support.
To disable this warning use the '--engine.WarnInterpreterOnly=false' option or the '-Dpolyglot.engine.WarnInterpreterOnly=false' system property.
[To redirect Truffle log output to a file use one of the following options:
* '--log.file=<path>' if the option is passed using a guest language launcher.
* '-Dpolyglot.log.file=<path>' if the option is passed using the host Java launcher.
* Configure logging using the polyglot embedding API.]
[engine] WARNING: The polyglot engine uses a fallback runtime that does not support runtime compilation to native code.
Execution without runtime compilation will negatively impact the guest application performance.
The following cause was found: JVMCI is not enabled for this JVM. Enable JVMCI using -XX:+EnableJVMCI.
For more information see: https://www.graalvm.org/latest/reference-manual/embed-languages/#runtime-optimization-support.
To disable this warning use the '--engine.WarnInterpreterOnly=false' option or the '-Dpolyglot.engine.WarnInterpreterOnly=false' system property.
[ERROR] Tests run: 6, Failures: 4, Errors: 1, Skipped: 0, Time elapsed: 13.09 s <<< FAILURE! -- in org.example.ansible.engine.CommandShellIntegrationTest
[ERROR] org.example.ansible.engine.CommandShellIntegrationTest.testCommandWithEnv -- Time elapsed: 2.543 s <<< FAILURE!
org.opentest4j.AssertionFailedError: Action Plugin execution failed: com.oracle.truffle.api.CompilerDirectives$ShouldNotReachHere ==> expected: <true> but was: <false>
	at org.junit.jupiter.api.AssertionFailureBuilder.build(AssertionFailureBuilder.java:151)
	at org.junit.jupiter.api.AssertionFailureBuilder.buildAndThrow(AssertionFailureBuilder.java:132)
	at org.junit.jupiter.api.AssertTrue.failNotTrue(AssertTrue.java:63)
	at org.junit.jupiter.api.AssertTrue.assertTrue(AssertTrue.java:36)
	at org.junit.jupiter.api.Assertions.assertTrue(Assertions.java:214)
	at org.example.ansible.engine.CommandShellIntegrationTest.testCommandWithEnv(CommandShellIntegrationTest.java:120)
	at java.base/java.lang.reflect.Method.invoke(Method.java:580)
	at java.base/java.util.ArrayList.forEach(ArrayList.java:1596)
	at java.base/java.util.ArrayList.forEach(ArrayList.java:1596)

[ERROR] org.example.ansible.engine.CommandShellIntegrationTest.testShellWithPipe -- Time elapsed: 2.320 s <<< FAILURE!
org.opentest4j.AssertionFailedError: Action Plugin execution failed: com.oracle.truffle.api.CompilerDirectives$ShouldNotReachHere ==> expected: <true> but was: <false>
	at org.junit.jupiter.api.AssertionFailureBuilder.build(AssertionFailureBuilder.java:151)
	at org.junit.jupiter.api.AssertionFailureBuilder.buildAndThrow(AssertionFailureBuilder.java:132)
	at org.junit.jupiter.api.AssertTrue.failNotTrue(AssertTrue.java:63)
	at org.junit.jupiter.api.AssertTrue.assertTrue(AssertTrue.java:36)
	at org.junit.jupiter.api.Assertions.assertTrue(Assertions.java:214)
	at org.example.ansible.engine.CommandShellIntegrationTest.testShellWithPipe(CommandShellIntegrationTest.java:71)
	at java.base/java.lang.reflect.Method.invoke(Method.java:580)
	at java.base/java.util.ArrayList.forEach(ArrayList.java:1596)
	at java.base/java.util.ArrayList.forEach(ArrayList.java:1596)

[ERROR] org.example.ansible.engine.CommandShellIntegrationTest.testCommandSuccess -- Time elapsed: 2.417 s <<< FAILURE!
org.opentest4j.AssertionFailedError: Action Plugin execution failed: com.oracle.truffle.api.CompilerDirectives$ShouldNotReachHere ==> expected: <true> but was: <false>
	at org.junit.jupiter.api.AssertionFailureBuilder.build(AssertionFailureBuilder.java:151)
	at org.junit.jupiter.api.AssertionFailureBuilder.buildAndThrow(AssertionFailureBuilder.java:132)
	at org.junit.jupiter.api.AssertTrue.failNotTrue(AssertTrue.java:63)
	at org.junit.jupiter.api.AssertTrue.assertTrue(AssertTrue.java:36)
	at org.junit.jupiter.api.Assertions.assertTrue(Assertions.java:214)
	at org.example.ansible.engine.CommandShellIntegrationTest.testCommandSuccess(CommandShellIntegrationTest.java:47)
	at java.base/java.lang.reflect.Method.invoke(Method.java:580)
	at java.base/java.util.ArrayList.forEach(ArrayList.java:1596)
	at java.base/java.util.ArrayList.forEach(ArrayList.java:1596)

[ERROR] org.example.ansible.engine.CommandShellIntegrationTest.testChangedWhenCustomization -- Time elapsed: 2.030 s <<< FAILURE!
org.opentest4j.AssertionFailedError: Action Plugin execution failed: com.oracle.truffle.api.CompilerDirectives$ShouldNotReachHere ==> expected: <true> but was: <false>
	at org.junit.jupiter.api.AssertionFailureBuilder.build(AssertionFailureBuilder.java:151)
	at org.junit.jupiter.api.AssertionFailureBuilder.buildAndThrow(AssertionFailureBuilder.java:132)
	at org.junit.jupiter.api.AssertTrue.failNotTrue(AssertTrue.java:63)
	at org.junit.jupiter.api.AssertTrue.assertTrue(AssertTrue.java:36)
	at org.junit.jupiter.api.Assertions.assertTrue(Assertions.java:214)
	at org.example.ansible.engine.CommandShellIntegrationTest.testChangedWhenCustomization(CommandShellIntegrationTest.java:102)
	at java.base/java.lang.reflect.Method.invoke(Method.java:580)
	at java.base/java.util.ArrayList.forEach(ArrayList.java:1596)
	at java.base/java.util.ArrayList.forEach(ArrayList.java:1596)

[ERROR] org.example.ansible.engine.CommandShellIntegrationTest.testFailedWhenCustomization -- Time elapsed: 1.772 s <<< ERROR!
java.lang.NullPointerException: Cannot invoke "String.trim()" because the return value of "java.util.Map.get(Object)" is null
	at org.example.ansible.engine.CommandShellIntegrationTest.testFailedWhenCustomization(CommandShellIntegrationTest.java:88)
	at java.base/java.lang.reflect.Method.invoke(Method.java:580)
	at java.base/java.util.ArrayList.forEach(ArrayList.java:1596)
	at java.base/java.util.ArrayList.forEach(ArrayList.java:1596)

[INFO] Running org.example.ansible.engine.TemplateIntegrationTest
[To redirect Truffle log output to a file use one of the following options:
* '--log.file=<path>' if the option is passed using a guest language launcher.
* '-Dpolyglot.log.file=<path>' if the option is passed using the host Java launcher.
* Configure logging using the polyglot embedding API.]
[engine] WARNING: The polyglot engine uses a fallback runtime that does not support runtime compilation to native code.
Execution without runtime compilation will negatively impact the guest application performance.
The following cause was found: JVMCI is not enabled for this JVM. Enable JVMCI using -XX:+EnableJVMCI.
For more information see: https://www.graalvm.org/latest/reference-manual/embed-languages/#runtime-optimization-support.
To disable this warning use the '--engine.WarnInterpreterOnly=false' option or the '-Dpolyglot.engine.WarnInterpreterOnly=false' system property.
[To redirect Truffle log output to a file use one of the following options:
* '--log.file=<path>' if the option is passed using a guest language launcher.
* '-Dpolyglot.log.file=<path>' if the option is passed using the host Java launcher.
* Configure logging using the polyglot embedding API.]
[engine] WARNING: The polyglot engine uses a fallback runtime that does not support runtime compilation to native code.
Execution without runtime compilation will negatively impact the guest application performance.
The following cause was found: JVMCI is not enabled for this JVM. Enable JVMCI using -XX:+EnableJVMCI.
For more information see: https://www.graalvm.org/latest/reference-manual/embed-languages/#runtime-optimization-support.
To disable this warning use the '--engine.WarnInterpreterOnly=false' option or the '-Dpolyglot.engine.WarnInterpreterOnly=false' system property.
[To redirect Truffle log output to a file use one of the following options:
* '--log.file=<path>' if the option is passed using a guest language launcher.
* '-Dpolyglot.log.file=<path>' if the option is passed using the host Java launcher.
* Configure logging using the polyglot embedding API.]
[engine] WARNING: The polyglot engine uses a fallback runtime that does not support runtime compilation to native code.
Execution without runtime compilation will negatively impact the guest application performance.
The following cause was found: JVMCI is not enabled for this JVM. Enable JVMCI using -XX:+EnableJVMCI.
For more information see: https://www.graalvm.org/latest/reference-manual/embed-languages/#runtime-optimization-support.
To disable this warning use the '--engine.WarnInterpreterOnly=false' option or the '-Dpolyglot.engine.WarnInterpreterOnly=false' system property.
[ERROR] Tests run: 3, Failures: 3, Errors: 0, Skipped: 0, Time elapsed: 5.284 s <<< FAILURE! -- in org.example.ansible.engine.TemplateIntegrationTest
[ERROR] org.example.ansible.engine.TemplateIntegrationTest.testTemplateWithAttributes -- Time elapsed: 1.879 s <<< FAILURE!
org.opentest4j.AssertionFailedError: expected: <true> but was: <false>
	at org.junit.jupiter.api.AssertionFailureBuilder.build(AssertionFailureBuilder.java:151)
	at org.junit.jupiter.api.AssertionFailureBuilder.buildAndThrow(AssertionFailureBuilder.java:132)
	at org.junit.jupiter.api.AssertTrue.failNotTrue(AssertTrue.java:63)
	at org.junit.jupiter.api.AssertTrue.assertTrue(AssertTrue.java:36)
	at org.junit.jupiter.api.AssertTrue.assertTrue(AssertTrue.java:31)
	at org.junit.jupiter.api.Assertions.assertTrue(Assertions.java:183)
	at org.example.ansible.engine.TemplateIntegrationTest.testTemplateWithAttributes(TemplateIntegrationTest.java:107)
	at java.base/java.lang.reflect.Method.invoke(Method.java:580)
	at java.base/java.util.ArrayList.forEach(ArrayList.java:1596)
	at java.base/java.util.ArrayList.forEach(ArrayList.java:1596)

[ERROR] org.example.ansible.engine.TemplateIntegrationTest.testTemplateWithControlStructures -- Time elapsed: 1.755 s <<< FAILURE!
org.opentest4j.AssertionFailedError: Action Plugin execution failed: com.oracle.truffle.api.CompilerDirectives$ShouldNotReachHere ==> expected: <true> but was: <false>
	at org.junit.jupiter.api.AssertionFailureBuilder.build(AssertionFailureBuilder.java:151)
	at org.junit.jupiter.api.AssertionFailureBuilder.buildAndThrow(AssertionFailureBuilder.java:132)
	at org.junit.jupiter.api.AssertTrue.failNotTrue(AssertTrue.java:63)
	at org.junit.jupiter.api.AssertTrue.assertTrue(AssertTrue.java:36)
	at org.junit.jupiter.api.Assertions.assertTrue(Assertions.java:214)
	at org.example.ansible.engine.TemplateIntegrationTest.testTemplateWithControlStructures(TemplateIntegrationTest.java:87)
	at java.base/java.lang.reflect.Method.invoke(Method.java:580)
	at java.base/java.util.ArrayList.forEach(ArrayList.java:1596)
	at java.base/java.util.ArrayList.forEach(ArrayList.java:1596)

[ERROR] org.example.ansible.engine.TemplateIntegrationTest.testTemplateBasic -- Time elapsed: 1.642 s <<< FAILURE!
org.opentest4j.AssertionFailedError: Action Plugin execution failed: com.oracle.truffle.api.CompilerDirectives$ShouldNotReachHere ==> expected: <true> but was: <false>
	at org.junit.jupiter.api.AssertionFailureBuilder.build(AssertionFailureBuilder.java:151)
	at org.junit.jupiter.api.AssertionFailureBuilder.buildAndThrow(AssertionFailureBuilder.java:132)
	at org.junit.jupiter.api.AssertTrue.failNotTrue(AssertTrue.java:63)
	at org.junit.jupiter.api.AssertTrue.assertTrue(AssertTrue.java:36)
	at org.junit.jupiter.api.Assertions.assertTrue(Assertions.java:214)
	at org.example.ansible.engine.TemplateIntegrationTest.testTemplateBasic(TemplateIntegrationTest.java:67)
	at java.base/java.lang.reflect.Method.invoke(Method.java:580)
	at java.base/java.util.ArrayList.forEach(ArrayList.java:1596)
	at java.base/java.util.ArrayList.forEach(ArrayList.java:1596)

[INFO] Running org.example.ansible.engine.CopyIntegrationTest
[To redirect Truffle log output to a file use one of the following options:
* '--log.file=<path>' if the option is passed using a guest language launcher.
* '-Dpolyglot.log.file=<path>' if the option is passed using the host Java launcher.
* Configure logging using the polyglot embedding API.]
[engine] WARNING: The polyglot engine uses a fallback runtime that does not support runtime compilation to native code.
Execution without runtime compilation will negatively impact the guest application performance.
The following cause was found: JVMCI is not enabled for this JVM. Enable JVMCI using -XX:+EnableJVMCI.
For more information see: https://www.graalvm.org/latest/reference-manual/embed-languages/#runtime-optimization-support.
To disable this warning use the '--engine.WarnInterpreterOnly=false' option or the '-Dpolyglot.engine.WarnInterpreterOnly=false' system property.
[To redirect Truffle log output to a file use one of the following options:
* '--log.file=<path>' if the option is passed using a guest language launcher.
* '-Dpolyglot.log.file=<path>' if the option is passed using the host Java launcher.
* Configure logging using the polyglot embedding API.]
[engine] WARNING: The polyglot engine uses a fallback runtime that does not support runtime compilation to native code.
Execution without runtime compilation will negatively impact the guest application performance.
The following cause was found: JVMCI is not enabled for this JVM. Enable JVMCI using -XX:+EnableJVMCI.
For more information see: https://www.graalvm.org/latest/reference-manual/embed-languages/#runtime-optimization-support.
To disable this warning use the '--engine.WarnInterpreterOnly=false' option or the '-Dpolyglot.engine.WarnInterpreterOnly=false' system property.
[To redirect Truffle log output to a file use one of the following options:
* '--log.file=<path>' if the option is passed using a guest language launcher.
* '-Dpolyglot.log.file=<path>' if the option is passed using the host Java launcher.
* Configure logging using the polyglot embedding API.]
[engine] WARNING: The polyglot engine uses a fallback runtime that does not support runtime compilation to native code.
Execution without runtime compilation will negatively impact the guest application performance.
The following cause was found: JVMCI is not enabled for this JVM. Enable JVMCI using -XX:+EnableJVMCI.
For more information see: https://www.graalvm.org/latest/reference-manual/embed-languages/#runtime-optimization-support.
To disable this warning use the '--engine.WarnInterpreterOnly=false' option or the '-Dpolyglot.engine.WarnInterpreterOnly=false' system property.
[ERROR] Tests run: 3, Failures: 3, Errors: 0, Skipped: 0, Time elapsed: 5.265 s <<< FAILURE! -- in org.example.ansible.engine.CopyIntegrationTest
[ERROR] org.example.ansible.engine.CopyIntegrationTest.testCopyWithAttributes -- Time elapsed: 1.842 s <<< FAILURE!
org.opentest4j.AssertionFailedError: expected: <true> but was: <false>
	at org.junit.jupiter.api.AssertionFailureBuilder.build(AssertionFailureBuilder.java:151)
	at org.junit.jupiter.api.AssertionFailureBuilder.buildAndThrow(AssertionFailureBuilder.java:132)
	at org.junit.jupiter.api.AssertTrue.failNotTrue(AssertTrue.java:63)
	at org.junit.jupiter.api.AssertTrue.assertTrue(AssertTrue.java:36)
	at org.junit.jupiter.api.AssertTrue.assertTrue(AssertTrue.java:31)
	at org.junit.jupiter.api.Assertions.assertTrue(Assertions.java:183)
	at org.example.ansible.engine.CopyIntegrationTest.testCopyWithAttributes(CopyIntegrationTest.java:108)
	at java.base/java.lang.reflect.Method.invoke(Method.java:580)
	at java.base/java.util.ArrayList.forEach(ArrayList.java:1596)
	at java.base/java.util.ArrayList.forEach(ArrayList.java:1596)

[ERROR] org.example.ansible.engine.CopyIntegrationTest.testCopyWithSrc -- Time elapsed: 1.612 s <<< FAILURE!
org.opentest4j.AssertionFailedError: Action Plugin execution failed: com.oracle.truffle.api.CompilerDirectives$ShouldNotReachHere ==> expected: <true> but was: <false>
	at org.junit.jupiter.api.AssertionFailureBuilder.build(AssertionFailureBuilder.java:151)
	at org.junit.jupiter.api.AssertionFailureBuilder.buildAndThrow(AssertionFailureBuilder.java:132)
	at org.junit.jupiter.api.AssertTrue.failNotTrue(AssertTrue.java:63)
	at org.junit.jupiter.api.AssertTrue.assertTrue(AssertTrue.java:36)
	at org.junit.jupiter.api.Assertions.assertTrue(Assertions.java:214)
	at org.example.ansible.engine.CopyIntegrationTest.testCopyWithSrc(CopyIntegrationTest.java:88)
	at java.base/java.lang.reflect.Method.invoke(Method.java:580)
	at java.base/java.util.ArrayList.forEach(ArrayList.java:1596)
	at java.base/java.util.ArrayList.forEach(ArrayList.java:1596)

[ERROR] org.example.ansible.engine.CopyIntegrationTest.testCopyWithContent -- Time elapsed: 1.803 s <<< FAILURE!
org.opentest4j.AssertionFailedError: expected: <true> but was: <false>
	at org.junit.jupiter.api.AssertionFailureBuilder.build(AssertionFailureBuilder.java:151)
	at org.junit.jupiter.api.AssertionFailureBuilder.buildAndThrow(AssertionFailureBuilder.java:132)
	at org.junit.jupiter.api.AssertTrue.failNotTrue(AssertTrue.java:63)
	at org.junit.jupiter.api.AssertTrue.assertTrue(AssertTrue.java:36)
	at org.junit.jupiter.api.AssertTrue.assertTrue(AssertTrue.java:31)
	at org.junit.jupiter.api.Assertions.assertTrue(Assertions.java:183)
	at org.example.ansible.engine.CopyIntegrationTest.testCopyWithContent(CopyIntegrationTest.java:66)
	at java.base/java.lang.reflect.Method.invoke(Method.java:580)
	at java.base/java.util.ArrayList.forEach(ArrayList.java:1596)
	at java.base/java.util.ArrayList.forEach(ArrayList.java:1596)

[INFO]
[INFO] Results:
[INFO]
[ERROR] Failures:
[ERROR]   ActionPluginTest.testDebugActionPluginMsg:44 Action Plugin execution failed: com.oracle.truffle.api.CompilerDirectives$ShouldNotReachHere ==> expected: <true> but was: <false>
[ERROR]   ActionPluginTest.testDebugActionPluginVar:53 Action Plugin execution failed: com.oracle.truffle.api.CompilerDirectives$ShouldNotReachHere ==> expected: <true> but was: <false>
[ERROR]   CommandShellIntegrationTest.testChangedWhenCustomization:102 Action Plugin execution failed: com.oracle.truffle.api.CompilerDirectives$ShouldNotReachHere ==> expected: <true> but was: <false>
[ERROR]   CommandShellIntegrationTest.testCommandSuccess:47 Action Plugin execution failed: com.oracle.truffle.api.CompilerDirectives$ShouldNotReachHere ==> expected: <true> but was: <false>
[ERROR]   CommandShellIntegrationTest.testCommandWithEnv:120 Action Plugin execution failed: com.oracle.truffle.api.CompilerDirectives$ShouldNotReachHere ==> expected: <true> but was: <false>
[ERROR]   CommandShellIntegrationTest.testShellWithPipe:71 Action Plugin execution failed: com.oracle.truffle.api.CompilerDirectives$ShouldNotReachHere ==> expected: <true> but was: <false>
[ERROR]   CopyIntegrationTest.testCopyWithAttributes:108 expected: <true> but was: <false>
[ERROR]   CopyIntegrationTest.testCopyWithContent:66 expected: <true> but was: <false>
[ERROR]   CopyIntegrationTest.testCopyWithSrc:88 Action Plugin execution failed: com.oracle.truffle.api.CompilerDirectives$ShouldNotReachHere ==> expected: <true> but was: <false>
[ERROR]   TemplateIntegrationTest.testTemplateBasic:67 Action Plugin execution failed: com.oracle.truffle.api.CompilerDirectives$ShouldNotReachHere ==> expected: <true> but was: <false>
[ERROR]   TemplateIntegrationTest.testTemplateWithAttributes:107 expected: <true> but was: <false>
[ERROR]   TemplateIntegrationTest.testTemplateWithControlStructures:87 Action Plugin execution failed: com.oracle.truffle.api.CompilerDirectives$ShouldNotReachHere ==> expected: <true> but was: <false>
[ERROR] Errors:
[ERROR]   CommandShellIntegrationTest.testFailedWhenCustomization:88 NullPointer Cannot invoke "String.trim()" because the return value of "java.util.Map.get(Object)" is null
[INFO]
[ERROR] Tests run: 15, Failures: 12, Errors: 1, Skipped: 0
[INFO]
[INFO] ------------------------------------------------------------------------
[INFO] BUILD FAILURE
[INFO] ------------------------------------------------------------------------
[INFO] Total time:  01:09 min
[INFO] Finished at: 2026-03-24T23:35:37Z
[INFO] ------------------------------------------------------------------------
[ERROR] Failed to execute goal org.apache.maven.plugins:maven-surefire-plugin:3.1.2:test (default-test) on project graal-ansible: There are test failures.
[ERROR]
[ERROR] Please refer to /app/target/surefire-reports for the individual test results.
[ERROR] Please refer to dump files (if any exist) [date].dump, [date]-jvmRun[N].dump and [date].dumpstream.
[ERROR] -> [Help 1]
[ERROR]
[ERROR] To see the full stack trace of the errors, re-run Maven with the -e switch.
[ERROR] Re-run Maven using the -X switch to enable full debug logging.
[ERROR]
[ERROR] For more information about the errors and possible solutions, please read the following articles:
[ERROR] [Help 1] http://cwiki.apache.org/confluence/display/MAVEN/MojoFailureException
